\BOOKMARK [1][-]{section.1}{\376\377\000I\000N\000T\000R\000O\000D\000U\000C\000T\000I\000O\000N}{}% 1
\BOOKMARK [1][-]{section.2}{\376\377\000O\000B\000S\000E\000R\000V\000A\000T\000I\000O\000N\000A\000L\000\040\000A\000N\000A\000L\000Y\000S\000I\000S}{}% 2
\BOOKMARK [2][-]{subsection.2.1}{\376\377\000C\000o\000m\000p\000l\000e\000t\000e\000\040\000H\000G\000B\000S\000\040\000S\000a\000m\000p\000l\000e}{section.2}% 3
\BOOKMARK [2][-]{subsection.2.2}{\376\377\000M\000e\000a\000s\000u\000r\000e\000m\000e\000n\000t\000\040\000M\000e\000t\000h\000o\000d\000o\000l\000o\000g\000y}{section.2}% 4
\BOOKMARK [2][-]{subsection.2.3}{\376\377\000R\000e\000s\000u\000l\000t\000s}{section.2}% 5
\BOOKMARK [2][-]{subsection.2.4}{\376\377\000D\000i\000s\000t\000a\000n\000c\000e\000\040\000U\000n\000c\000e\000r\000t\000a\000i\000n\000t\000i\000e\000s\000\040\000a\000n\000d\000\040\000S\000a\000m\000p\000l\000e\000\040\000H\000e\000t\000e\000r\000o\000g\000e\000n\000e\000i\000t\000y}{section.2}% 6
\BOOKMARK [2][-]{subsection.2.5}{\376\377\000S\000t\000a\000t\000i\000s\000t\000i\000c\000a\000l\000\040\000M\000e\000t\000h\000o\000d\000s\000:\000\040\000P\000a\000i\000r\000w\000i\000s\000e\000\040\000M\000e\000d\000i\000a\000n\000\040\000v\000s\000\040\000A\000l\000t\000e\000r\000n\000a\000t\000i\000v\000e\000\040\000S\000t\000a\000t\000i\000s\000t\000i\000c\000s}{section.2}% 7
\BOOKMARK [2][-]{subsection.2.6}{\376\377\000S\000y\000n\000t\000h\000e\000t\000i\000c\000\040\000F\000i\000l\000a\000m\000e\000n\000t\000\040\000T\000e\000s\000t\000s\000:\000\040\000P\000M\000\040\000v\000s\000\040\000N\000N\000\040\000S\000t\000a\000t\000i\000s\000t\000i\000c\000a\000l\000\040\000P\000r\000o\000p\000e\000r\000t\000i\000e\000s}{section.2}% 8
\BOOKMARK [2][-]{subsection.2.7}{\376\377\000T\000h\000e\000\040\000/\000W\000\040\000<\000\040\0001\000.\0002\0005\000\040\000P\000r\000o\000b\000l\000e\000m\000\040\000a\000n\000d\000\040\000t\000h\000e\000\040\000O\000p\000h\000i\000u\000c\000h\000u\000s\000\040\000O\000u\000t\000l\000i\000e\000r}{section.2}% 9
\BOOKMARK [2][-]{subsection.2.8}{\376\377\000C\000o\000m\000p\000a\000r\000i\000s\000o\000n\000\040\000w\000i\000t\000h\000\040\000L\000i\000t\000e\000r\000a\000t\000u\000r\000e}{section.2}% 10
\BOOKMARK [1][-]{section.3}{\376\377\000T\000H\000E\000\040\000N\000N\000/\000P\000M\000\040\000D\000I\000S\000C\000R\000E\000P\000A\000N\000C\000Y\000:\000\040\000T\000W\000O\000\040\000C\000O\000M\000P\000E\000T\000I\000N\000G\000\040\000I\000N\000T\000E\000R\000P\000R\000E\000T\000A\000T\000I\000O\000N\000S}{}% 11
\BOOKMARK [2][-]{subsection.3.1}{\376\377\000M\000e\000a\000s\000u\000r\000e\000m\000e\000n\000t\000\040\000o\000f\000\040\000t\000h\000e\000\040\000D\000i\000s\000c\000r\000e\000p\000a\000n\000c\000y}{section.3}% 12
\BOOKMARK [2][-]{subsection.3.2}{\376\377\000S\000e\000n\000s\000i\000t\000i\000v\000i\000t\000y\000\040\000A\000n\000a\000l\000y\000s\000i\000s\000:\000\040\000R\000o\000b\000u\000s\000t\000n\000e\000s\000s\000\040\000o\000f\000\040\000t\000h\000e\000\040\000N\000N\000/\000P\000M\000\040\000R\000a\000t\000i\000o}{section.3}% 13
\BOOKMARK [2][-]{subsection.3.3}{\376\377\000P\000r\000o\000j\000e\000c\000t\000i\000o\000n\000\040\000C\000o\000r\000r\000e\000c\000t\000i\000o\000n\000:\000\040\000I\000m\000p\000l\000i\000c\000a\000t\000i\000o\000n\000s\000\040\000f\000o\000r\000\040\000C\000l\000a\000s\000s\000i\000c\000a\000l\000\040\000C\000o\000m\000p\000a\000r\000i\000s\000o\000n}{section.3}% 14
\BOOKMARK [2][-]{subsection.3.4}{\376\377\000A\000l\000t\000e\000r\000n\000a\000t\000i\000v\000e\000\040\000W\000e\000i\000g\000h\000t\000i\000n\000g\000\040\000S\000c\000h\000e\000m\000e\000s\000\040\000a\000n\000d\000\040\000t\000h\000e\000\040\000O\000p\000h\000i\000u\000c\000h\000u\000s\000\040\000U\000n\000c\000e\000r\000t\000a\000i\000n\000t\000y\000\040\000P\000a\000r\000a\000d\000o\000x}{section.3}% 15
\BOOKMARK [2][-]{subsection.3.5}{\376\377\000V\000a\000l\000i\000d\000a\000t\000i\000o\000n\000\040\000T\000e\000s\000t\000s\000:\000\040\000D\000o\000\040\000P\000M\000\040\000a\000n\000d\000\040\000N\000N\000\040\000R\000e\000c\000o\000v\000e\000r\000\040\000t\000h\000e\000\040\000T\000r\000u\000e\000\040\000F\000r\000a\000g\000m\000e\000n\000t\000a\000t\000i\000o\000n\000\040\000W\000a\000v\000e\000l\000e\000n\000g\000t\000h\000?}{section.3}% 16
\BOOKMARK [2][-]{subsection.3.6}{\376\377\000I\000n\000d\000e\000p\000e\000n\000d\000e\000n\000t\000\040\000V\000a\000l\000i\000d\000a\000t\000i\000o\000n\000\040\000f\000r\000o\000m\000\040\000F\000i\000b\000e\000r\000-\000R\000e\000s\000o\000l\000v\000e\000d\000\040\000M\000e\000a\000s\000u\000r\000e\000m\000e\000n\000t\000s}{section.3}% 17
\BOOKMARK [2][-]{subsection.3.7}{\376\377\000T\000w\000o\000\040\000S\000c\000e\000n\000a\000r\000i\000o\000s\000\040\000f\000o\000r\000\040\000H\000G\000B\000S\000\040\000F\000i\000l\000a\000m\000e\000n\000t\000\040\000F\000r\000a\000g\000m\000e\000n\000t\000a\000t\000i\000o\000n}{section.3}% 18
\BOOKMARK [2][-]{subsection.3.8}{\376\377\000C\000u\000r\000r\000e\000n\000t\000\040\000A\000s\000s\000e\000s\000s\000m\000e\000n\000t\000\040\000a\000n\000d\000\040\000P\000a\000t\000h\000\040\000F\000o\000r\000w\000a\000r\000d}{section.3}% 19
\BOOKMARK [1][-]{section.4}{\376\377\000T\000H\000E\000O\000R\000E\000T\000I\000C\000A\000L\000\040\000F\000R\000A\000M\000E\000W\000O\000R\000K}{}% 20
\BOOKMARK [2][-]{subsection.4.1}{\376\377\000C\000l\000a\000s\000s\000i\000c\000a\000l\000\040\000F\000r\000a\000g\000m\000e\000n\000t\000a\000t\000i\000o\000n\000\040\000T\000h\000e\000o\000r\000y}{section.4}% 21
\BOOKMARK [2][-]{subsection.4.2}{\376\377\000M\000a\000g\000n\000e\000t\000i\000c\000\040\000T\000e\000n\000s\000i\000o\000n\000\040\000M\000e\000c\000h\000a\000n\000i\000s\000m}{section.4}% 22
\BOOKMARK [2][-]{subsection.4.3}{\376\377\000H\000i\000e\000r\000a\000r\000c\000h\000i\000c\000a\000l\000\040\000F\000r\000a\000g\000m\000e\000n\000t\000a\000t\000i\000o\000n}{section.4}% 23
\BOOKMARK [1][-]{section.5}{\376\377\000M\000H\000D\000\040\000S\000I\000M\000U\000L\000A\000T\000I\000O\000N\000S}{}% 24
\BOOKMARK [2][-]{subsection.5.1}{\376\377\000S\000i\000m\000u\000l\000a\000t\000i\000o\000n\000\040\000M\000e\000t\000h\000o\000d\000o\000l\000o\000g\000y}{section.5}% 25
\BOOKMARK [2][-]{subsection.5.2}{\376\377\000C\000r\000i\000t\000i\000c\000a\000l\000\040\000N\000e\000g\000a\000t\000i\000v\000e\000\040\000R\000e\000s\000u\000l\000t\000:\000\040\000R\000e\000g\000i\000m\000e\000-\000D\000e\000p\000e\000n\000d\000e\000n\000t\000\040\000F\000r\000a\000g\000m\000e\000n\000t\000a\000t\000i\000o\000n\000\040\000B\000e\000h\000a\000v\000i\000o\000r}{section.5}% 26
\BOOKMARK [2][-]{subsection.5.3}{\376\377\000t\000r\000a\000n\000s\000i\000t\000i\000o\000n\000\040\000m\000a\000p\000p\000i\000n\000g\000\040\000s\000i\000m\000u\000l\000a\000t\000i\000o\000n\000s\000\040}{section.5}% 27
\BOOKMARK [2][-]{subsection.5.4}{\376\377\000S\000i\000m\000u\000l\000a\000t\000i\000o\000n\000\040\000V\000a\000l\000i\000d\000a\000t\000i\000o\000n}{section.5}% 28
\BOOKMARK [2][-]{subsection.5.5}{\376\377\000T\000h\000r\000e\000e\000-\000R\000e\000g\000i\000m\000e\000\040\000F\000r\000a\000m\000e\000w\000o\000r\000k}{section.5}% 29
\BOOKMARK [2][-]{subsection.5.6}{\376\377\000s\000u\000p\000e\000r\000c\000r\000i\000t\000i\000c\000a\000l\000\040\000f\000i\000l\000a\000m\000e\000n\000t\000\040\000s\000i\000m\000u\000l\000a\000t\000i\000o\000n\000s}{section.5}% 30
\BOOKMARK [2][-]{subsection.5.7}{\376\377\000G\000r\000a\000v\000i\000t\000y\000-\000D\000o\000m\000i\000n\000a\000t\000e\000d\000\040\000R\000e\000g\000i\000m\000e}{section.5}% 31
\BOOKMARK [2][-]{subsection.5.8}{\376\377\000f\000i\000e\000l\000d\000\040\000g\000e\000o\000m\000e\000t\000r\000y\000\040\000s\000i\000m\000u\000l\000a\000t\000i\000o\000n\000s}{section.5}% 32
\BOOKMARK [2][-]{subsection.5.9}{\376\377\000A\000d\000d\000i\000t\000i\000o\000n\000a\000l\000\040\000T\000a\000r\000g\000e\000t\000e\000d\000\040\000S\000i\000m\000u\000l\000a\000t\000i\000o\000n\000s\000\040\000\050\0002\0008\0009\000\040\000s\000i\000m\000u\000l\000a\000t\000i\000o\000n\000s\000,\000\040\000\051}{section.5}% 33
\BOOKMARK [1][-]{section.6}{\376\377\000D\000I\000S\000C\000U\000S\000S\000I\000O\000N}{}% 34
\BOOKMARK [2][-]{subsection.6.1}{\376\377\000R\000e\000i\000n\000t\000e\000r\000p\000r\000e\000t\000a\000t\000i\000o\000n\000\040\000o\000f\000\040\000P\000M\000\040\000v\000s\000\040\000N\000N\000\040\000R\000e\000s\000u\000l\000t\000s\000\040\000F\000o\000l\000l\000o\000w\000i\000n\000g\000\040\000S\000y\000n\000t\000h\000e\000t\000i\000c\000\040\000T\000e\000s\000t\000s}{section.6}% 35
\BOOKMARK [2][-]{subsection.6.2}{\376\377\000C\000a\000n\000\040\000M\000o\000d\000e\000l\000s\000\040\000E\000x\000p\000l\000a\000i\000n\000\040\000t\000h\000e\000\040\000O\000b\000s\000e\000r\000v\000a\000t\000i\000o\000n\000a\000l\000\040\000D\000i\000s\000c\000r\000e\000p\000a\000n\000c\000y\000?}{section.6}% 36
\BOOKMARK [2][-]{subsection.6.3}{\376\377\000L\000i\000m\000i\000t\000a\000t\000i\000o\000n\000s\000\040\000a\000n\000d\000\040\000F\000u\000t\000u\000r\000e\000\040\000W\000o\000r\000k}{section.6}% 37
\BOOKMARK [1][-]{section.7}{\376\377\000C\000O\000N\000C\000L\000U\000S\000I\000O\000N\000S}{}% 38
\BOOKMARK [1][-]{section.A1}{\376\377\000N\000e\000a\000r\000e\000s\000t\000-\000N\000e\000i\000g\000h\000b\000o\000r\000\040\000S\000p\000a\000c\000i\000n\000g\000\040\000M\000e\000t\000h\000o\000d\000o\000l\000o\000g\000y}{}% 39
\BOOKMARK [2][-]{subsection.A1.1}{\376\377\000D\000a\000t\000a\000\040\000S\000o\000u\000r\000c\000e\000s}{section.A1}% 40
\BOOKMARK [2][-]{subsection.A1.2}{\376\377\0001\000D\000\040\000P\000r\000o\000j\000e\000c\000t\000i\000o\000n\000\040\000M\000e\000t\000h\000o\000d}{section.A1}% 41
\BOOKMARK [2][-]{subsection.A1.3}{\376\377\000H\000a\000n\000d\000l\000i\000n\000g\000\040\000o\000f\000\040\000C\000o\000m\000p\000l\000e\000x\000\040\000F\000i\000l\000a\000m\000e\000n\000t\000\040\000T\000o\000p\000o\000l\000o\000g\000y}{section.A1}% 42
\BOOKMARK [2][-]{subsection.A1.4}{\376\377\000R\000e\000g\000i\000o\000n\000-\000L\000e\000v\000e\000l\000\040\000N\000N\000\040\000A\000g\000g\000r\000e\000g\000a\000t\000i\000o\000n}{section.A1}% 43
\BOOKMARK [2][-]{subsection.A1.5}{\376\377\000C\000o\000m\000p\000a\000r\000i\000s\000o\000n\000\040\000w\000i\000t\000h\000\040\000P\000a\000i\000r\000w\000i\000s\000e\000\040\000M\000e\000d\000i\000a\000n\000\040\000\050\000P\000M\000\051\000\040\000S\000t\000a\000t\000i\000s\000t\000i\000c\000s}{section.A1}% 44
