\BOOKMARK [1][-]{section.1}{\376\377\000I\000n\000t\000r\000o\000d\000u\000c\000t\000i\000o\000n}{}% 1
\BOOKMARK [2][-]{subsection.1.1}{\376\377\000T\000h\000e\000\040\000F\000i\000l\000a\000m\000e\000n\000t\000\040\000P\000a\000r\000a\000d\000i\000g\000m}{section.1}% 2
\BOOKMARK [2][-]{subsection.1.2}{\376\377\000T\000h\000e\000\040\000M\000a\000g\000n\000e\000t\000i\000c\000\040\000T\000e\000n\000s\000i\000o\000n\000\040\000H\000y\000p\000o\000t\000h\000e\000s\000i\000s}{section.1}% 3
\BOOKMARK [1][-]{section.2}{\376\377\000O\000b\000s\000e\000r\000v\000a\000t\000i\000o\000n\000a\000l\000\040\000D\000a\000t\000a\000\040\000a\000n\000d\000\040\000M\000e\000t\000h\000o\000d\000s}{}% 4
\BOOKMARK [2][-]{subsection.2.1}{\376\377\000C\000o\000m\000p\000l\000e\000t\000e\000\040\000H\000G\000B\000S\000\040\000S\000a\000m\000p\000l\000e}{section.2}% 5
\BOOKMARK [2][-]{subsection.2.2}{\376\377\000D\000i\000s\000P\000e\000r\000S\000E\000\040\000P\000i\000p\000e\000l\000i\000n\000e\000\040\000a\000n\000d\000\040\000P\000a\000r\000a\000m\000e\000t\000e\000r\000\040\000S\000e\000l\000e\000c\000t\000i\000o\000n}{section.2}% 6
\BOOKMARK [2][-]{subsection.2.3}{\376\377\000C\000o\000r\000e\000\040\000S\000p\000a\000c\000i\000n\000g\000\040\000M\000e\000a\000s\000u\000r\000e\000m\000e\000n\000t\000s}{section.2}% 7
\BOOKMARK [2][-]{subsection.2.4}{\376\377\000S\000a\000m\000p\000l\000e\000\040\000S\000e\000l\000e\000c\000t\000i\000o\000n\000\040\000a\000n\000d\000\040\000U\000n\000c\000e\000r\000t\000a\000i\000n\000t\000i\000e\000s}{section.2}% 8
\BOOKMARK [1][-]{section.3}{\376\377\000R\000e\000s\000u\000l\000t\000s}{}% 9
\BOOKMARK [2][-]{subsection.3.1}{\376\377\000C\000o\000r\000e\000\040\000S\000p\000a\000c\000i\000n\000g\000\040\000A\000c\000r\000o\000s\000s\000\040\0008\000\040\000H\000i\000g\000h\000-\000C\000o\000n\000f\000i\000d\000e\000n\000c\000e\000\040\000H\000G\000B\000S\000\040\000R\000e\000g\000i\000o\000n\000s}{section.3}% 10
\BOOKMARK [2][-]{subsection.3.2}{\376\377\000S\000t\000a\000t\000i\000s\000t\000i\000c\000a\000l\000\040\000T\000e\000s\000t\000\040\000f\000o\000r\000\040\000C\000o\000n\000s\000i\000s\000t\000e\000n\000c\000y}{section.3}% 11
\BOOKMARK [2][-]{subsection.3.3}{\376\377\000C\000o\000m\000p\000a\000r\000i\000s\000o\000n\000\040\000w\000i\000t\000h\000\040\000L\000i\000t\000e\000r\000a\000t\000u\000r\000e}{section.3}% 12
\BOOKMARK [1][-]{section.4}{\376\377\000T\000h\000e\000o\000r\000e\000t\000i\000c\000a\000l\000\040\000A\000n\000a\000l\000y\000s\000i\000s}{}% 13
\BOOKMARK [2][-]{subsection.4.1}{\376\377\000M\000a\000g\000n\000e\000t\000i\000c\000\040\000T\000e\000n\000s\000i\000o\000n\000\040\000M\000e\000c\000h\000a\000n\000i\000s\000m}{section.4}% 14
\BOOKMARK [3][-]{subsubsection.4.1.1}{\376\377\000F\000r\000a\000g\000m\000e\000n\000t\000a\000t\000i\000o\000n\000\040\000o\000f\000\040\000a\000n\000\040\000I\000s\000o\000t\000h\000e\000r\000m\000a\000l\000\040\000C\000y\000l\000i\000n\000d\000e\000r}{subsection.4.1}% 15
\BOOKMARK [3][-]{subsubsection.4.1.2}{\376\377\000C\000o\000m\000p\000l\000e\000t\000e\000\040\000D\000e\000r\000i\000v\000a\000t\000i\000o\000n\000\040\000o\000f\000\040\000t\000h\000e\000\040\000T\000e\000n\000s\000i\000o\000n\000-\000M\000o\000d\000i\000f\000i\000e\000d\000\040\000W\000a\000v\000e\000l\000e\000n\000g\000t\000h}{subsection.4.1}% 16
\BOOKMARK [3][-]{subsubsection.4.1.3}{\376\377\000W\000h\000y\000\040\000N\000o\000t\000\040\000M\000a\000g\000n\000e\000t\000i\000c\000\040\000P\000r\000e\000s\000s\000u\000r\000e\000?}{subsection.4.1}% 17
\BOOKMARK [2][-]{subsection.4.2}{\376\377\000L\000i\000n\000e\000a\000r\000\040\000P\000e\000r\000t\000u\000r\000b\000a\000t\000i\000o\000n\000\040\000A\000n\000a\000l\000y\000s\000i\000s\000\040\000w\000i\000t\000h\000\040\000M\000u\000l\000t\000i\000p\000l\000e\000\040\000P\000h\000y\000s\000i\000c\000a\000l\000\040\000E\000f\000f\000e\000c\000t\000s}{section.4}% 18
\BOOKMARK [3][-]{subsubsection.4.2.1}{\376\377\000P\000a\000r\000a\000m\000e\000t\000e\000r\000\040\000S\000p\000a\000c\000e\000\040\000E\000x\000p\000l\000o\000r\000a\000t\000i\000o\000n}{subsection.4.2}% 19
\BOOKMARK [3][-]{subsubsection.4.2.2}{\376\377\000R\000e\000s\000u\000l\000t\000s\000:\000\040\000S\000e\000n\000s\000i\000t\000i\000v\000i\000t\000y\000\040\000A\000n\000a\000l\000y\000s\000i\000s\000\040\000w\000i\000t\000h\000\040\000O\000b\000s\000e\000r\000v\000a\000t\000i\000o\000n\000a\000l\000\040\000A\000n\000c\000h\000o\000r\000i\000n\000g}{subsection.4.2}% 20
\BOOKMARK [1][-]{section.5}{\376\377\000M\000H\000D\000\040\000T\000u\000r\000b\000u\000l\000e\000n\000c\000e\000\040\000S\000i\000m\000u\000l\000a\000t\000i\000o\000n\000s}{}% 21
\BOOKMARK [2][-]{subsection.5.1}{\376\377\000M\000o\000t\000i\000v\000a\000t\000i\000o\000n\000:\000\040\000T\000h\000e\000\040\000M\000a\000g\000n\000e\000t\000i\000c\000\040\000F\000i\000e\000l\000d\000\040\000G\000e\000o\000m\000e\000t\000r\000y\000\040\000M\000a\000t\000t\000e\000r\000s}{section.5}% 22
\BOOKMARK [2][-]{subsection.5.2}{\376\377\000A\000t\000h\000e\000n\000a\000+\000+\000\040\000M\000H\000D\000\040\000M\000e\000t\000h\000o\000d}{section.5}% 23
\BOOKMARK [3][-]{subsubsection.5.2.1}{\376\377\000N\000u\000m\000e\000r\000i\000c\000a\000l\000\040\000C\000o\000d\000e\000\040\000a\000n\000d\000\040\000P\000h\000y\000s\000i\000c\000s}{subsection.5.2}% 24
\BOOKMARK [3][-]{subsubsection.5.2.2}{\376\377\000S\000i\000m\000u\000l\000a\000t\000i\000o\000n\000\040\000G\000r\000i\000d\000:\000\040\0002\0002\000\040\000i\000n\000\040\000\050\000M\000a\000c\000h\000,\000\040\000\051\000\040\000S\000p\000a\000c\000e}{subsection.5.2}% 25
\BOOKMARK [2][-]{subsection.5.3}{\376\377\000R\000e\000s\000u\000l\000t\000s\000:\000\040\000S\000a\000t\000u\000r\000a\000t\000e\000d\000\040\000S\000t\000a\000t\000e\000\040\000a\000n\000d\000\040\000F\000i\000e\000l\000d\000\040\000A\000n\000i\000s\000o\000t\000r\000o\000p\000y}{section.5}% 26
\BOOKMARK [3][-]{subsubsection.5.3.1}{\376\377\000S\000a\000t\000u\000r\000a\000t\000e\000d\000\040\000M\000H\000D\000\040\000P\000r\000o\000p\000e\000r\000t\000i\000e\000s}{subsection.5.3}% 27
\BOOKMARK [3][-]{subsubsection.5.3.2}{\376\377\000M\000a\000g\000n\000e\000t\000i\000c\000\040\000F\000i\000e\000l\000d\000\040\000A\000n\000i\000s\000o\000t\000r\000o\000p\000y}{subsection.5.3}% 28
\BOOKMARK [3][-]{subsubsection.5.3.3}{\376\377\000F\000r\000a\000g\000m\000e\000n\000t\000a\000t\000i\000o\000n\000\040\000S\000c\000a\000l\000e\000\040\000P\000r\000e\000d\000i\000c\000t\000i\000o\000n\000s}{subsection.5.3}% 29
\BOOKMARK [1][-]{section.6}{\376\377\000S\000e\000l\000f\000-\000G\000r\000a\000v\000i\000t\000a\000t\000i\000n\000g\000\040\000M\000H\000D\000\040\000S\000i\000m\000u\000l\000a\000t\000i\000o\000n\000s}{}% 30
\BOOKMARK [2][-]{subsection.6.1}{\376\377\000S\000i\000m\000u\000l\000a\000t\000i\000o\000n\000\040\000S\000e\000t\000u\000p}{section.6}% 31
\BOOKMARK [2][-]{subsection.6.2}{\376\377\000R\000e\000s\000u\000l\000t\000s\000:\000\040\000-\000I\000n\000d\000e\000p\000e\000n\000d\000e\000n\000c\000e\000\040\000i\000n\000\040\000t\000h\000e\000\040\000H\000i\000g\000h\000l\000y\000\040\000S\000u\000p\000e\000r\000c\000r\000i\000t\000i\000c\000a\000l\000\040\000R\000e\000g\000i\000m\000e}{section.6}% 32
\BOOKMARK [1][-]{section.7}{\376\377\000D\000i\000s\000c\000u\000s\000s\000i\000o\000n}{}% 33
\BOOKMARK [2][-]{subsection.7.1}{\376\377\000H\000i\000e\000r\000a\000r\000c\000h\000i\000c\000a\000l\000\040\000F\000r\000a\000g\000m\000e\000n\000t\000a\000t\000i\000o\000n\000\040\000a\000s\000\040\000a\000n\000\040\000A\000l\000t\000e\000r\000n\000a\000t\000i\000v\000e\000\040\000E\000x\000p\000l\000a\000n\000a\000t\000i\000o\000n}{section.7}% 34
\BOOKMARK [2][-]{subsection.7.2}{\376\377\000T\000h\000e\000\040\000C\000r\000i\000t\000i\000c\000a\000l\000\040\000C\000a\000v\000e\000a\000t\000:\000\040\000M\000a\000g\000n\000e\000t\000i\000c\000\040\000F\000i\000e\000l\000d\000\040\000G\000e\000o\000m\000e\000t\000r\000y\000\040\000T\000e\000n\000s\000i\000o\000n\000\040\000w\000i\000t\000h\000\040\000P\000l\000a\000n\000c\000k\000\040\000R\000e\000s\000u\000l\000t\000s}{section.7}% 35
\BOOKMARK [3][-]{subsubsection.7.2.1}{\376\377\000B\000a\000y\000e\000s\000i\000a\000n\000\040\000E\000s\000t\000i\000m\000a\000t\000e\000\040\000o\000f\000\040\000L\000o\000n\000g\000i\000t\000u\000d\000i\000n\000a\000l\000\040\000F\000i\000e\000l\000d\000\040\000P\000r\000o\000b\000a\000b\000i\000l\000i\000t\000y}{subsection.7.2}% 36
\BOOKMARK [3][-]{subsubsection.7.2.2}{\376\377\000F\000I\000E\000L\000D\000M\000A\000P\000S\000\040\000S\000c\000a\000l\000e\000-\000D\000e\000p\000e\000n\000d\000e\000n\000t\000\040\000G\000e\000o\000m\000e\000t\000r\000y}{subsection.7.2}% 37
\BOOKMARK [3][-]{subsubsection.7.2.3}{\376\377\000R\000e\000s\000o\000l\000u\000t\000i\000o\000n\000\040\0001\000:\000\040\000L\000o\000c\000a\000l\000\040\000v\000s\000.\000\040\000G\000l\000o\000b\000a\000l\000\040\000F\000i\000e\000l\000d\000\040\000G\000e\000o\000m\000e\000t\000r\000y}{subsection.7.2}% 38
\BOOKMARK [3][-]{subsubsection.7.2.4}{\376\377\000R\000e\000s\000o\000l\000u\000t\000i\000o\000n\000\040\0002\000:\000\040\000E\000v\000o\000l\000u\000t\000i\000o\000n\000a\000r\000y\000\040\000S\000t\000a\000t\000e\000\040\000D\000e\000p\000e\000n\000d\000e\000n\000c\000e}{subsection.7.2}% 39
\BOOKMARK [3][-]{subsubsection.7.2.5}{\376\377\000I\000m\000p\000l\000i\000c\000a\000t\000i\000o\000n\000s\000\040\000f\000o\000r\000\040\000t\000h\000e\000\040\000T\000e\000n\000s\000i\000o\000n\000\040\000M\000e\000c\000h\000a\000n\000i\000s\000m}{subsection.7.2}% 40
\BOOKMARK [2][-]{subsection.7.3}{\376\377\000W\000h\000y\000\040\000M\000a\000g\000n\000e\000t\000i\000c\000\040\000T\000e\000n\000s\000i\000o\000n\000\040\000R\000e\000m\000a\000i\000n\000s\000\040\000a\000n\000\040\000I\000n\000t\000e\000r\000e\000s\000t\000i\000n\000g\000\040\000P\000o\000s\000s\000i\000b\000i\000l\000i\000t\000y}{section.7}% 41
\BOOKMARK [2][-]{subsection.7.4}{\376\377\000C\000o\000m\000p\000a\000r\000i\000s\000o\000n\000\040\000w\000i\000t\000h\000\040\000P\000r\000e\000v\000i\000o\000u\000s\000\040\000W\000o\000r\000k}{section.7}% 42
\BOOKMARK [3][-]{subsubsection.7.4.1}{\376\377\000A\000d\000v\000a\000n\000t\000a\000g\000e\000s\000\040\000o\000f\000\040\000T\000h\000i\000s\000\040\000S\000t\000u\000d\000y}{subsection.7.4}% 43
\BOOKMARK [3][-]{subsubsection.7.4.2}{\376\377\000L\000i\000m\000i\000t\000a\000t\000i\000o\000n\000s\000\040\000o\000f\000\040\000T\000h\000i\000s\000\040\000S\000t\000u\000d\000y}{subsection.7.4}% 44
\BOOKMARK [1][-]{section.8}{\376\377\000F\000u\000t\000u\000r\000e\000\040\000W\000o\000r\000k}{}% 45
\BOOKMARK [1][-]{section.9}{\376\377\000C\000o\000n\000c\000l\000u\000s\000i\000o\000n\000s}{}% 46
