{
 "worst_rel_diff": "2.94114e-14",
 "rows": [
  {
   "n": 2,
   "d2": "0.3068528194400547",
   "d2_m2": "0.30685281944005"
  },
  {
   "n": 3,
   "d2": "0.09574778392775403",
   "d2_m2": "0.095747783927754"
  },
  {
   "n": 4,
   "d2": "0.06595169421556965",
   "d2_m2": "0.06595169421557"
  },
  {
   "n": 5,
   "d2": "0.03631901793818696",
   "d2_m2": "0.036319017938187"
  },
  {
   "n": 6,
   "d2": "0.03620803463690563",
   "d2_m2": "0.036208034636906"
  },
  {
   "n": 7,
   "d2": "0.02438836788524401",
   "d2_m2": "0.024388367885244"
  },
  {
   "n": 8,
   "d2": "0.02424452530652267",
   "d2_m2": "0.024244525306523"
  },
  {
   "n": 9,
   "d2": "0.02409507881871232",
   "d2_m2": "0.024095078818712"
  },
  {
   "n": 10,
   "d2": "0.023852553318883",
   "d2_m2": "0.023852553318883"
  },
  {
   "n": 11,
   "d2": "0.02049960134702382",
   "d2_m2": "0.020499601347024"
  },
  {
   "n": 12,
   "d2": "0.02049814733289417",
   "d2_m2": "0.020498147332894"
  },
  {
   "n": 13,
   "d2": "0.01987424304169147",
   "d2_m2": "0.019874243041691"
  },
  {
   "n": 14,
   "d2": "0.01853181414232141",
   "d2_m2": "0.018531814142321"
  },
  {
   "n": 15,
   "d2": "0.01838021483747243",
   "d2_m2": "0.018380214837472"
  },
  {
   "n": 16,
   "d2": "0.01793626702020255",
   "d2_m2": "0.017936267020203"
  },
  {
   "n": 17,
   "d2": "0.01710664639217535",
   "d2_m2": "0.017106646392175"
  },
  {
   "n": 18,
   "d2": "0.01709653511225307",
   "d2_m2": "0.017096535112253"
  },
  {
   "n": 19,
   "d2": "0.01685306515200007",
   "d2_m2": "0.016853065152"
  },
  {
   "n": 20,
   "d2": "0.01653825210939252",
   "d2_m2": "0.016538252109393"
  },
  {
   "n": 21,
   "d2": "0.01612418792278516",
   "d2_m2": "0.016124187922785"
  },
  {
   "n": 22,
   "d2": "0.0160908266092374",
   "d2_m2": "0.016090826609237"
  },
  {
   "n": 23,
   "d2": "0.01557815678134528",
   "d2_m2": "0.015578156781345"
  },
  {
   "n": 24,
   "d2": "0.01557777799236069",
   "d2_m2": "0.015577777992361"
  },
  {
   "n": 25,
   "d2": "0.01555084225299854",
   "d2_m2": "0.015550842252999"
  },
  {
   "n": 26,
   "d2": "0.01545398359559796",
   "d2_m2": "0.015453983595598"
  },
  {
   "n": 27,
   "d2": "0.01534401650811367",
   "d2_m2": "0.015344016508114"
  },
  {
   "n": 28,
   "d2": "0.01524421267434024",
   "d2_m2": "0.01524421267434"
  },
  {
   "n": 29,
   "d2": "0.0147302736578197",
   "d2_m2": "0.01473027365782"
  },
  {
   "n": 30,
   "d2": "0.01455673357699699",
   "d2_m2": "0.014556733576997"
  }
 ]
}
DQ-SECTION: no DQ rows — every n=2..30 row genuine (both instruments exact; worst rel diff 2.941e-14 vs machine 2 printed precision; Gram symmetry 1.2e-32; no value quoted beyond the agreement shown; this .out is instrument calibration, not a scored NB-BD rung — the zeta-side ladder is cancelled per erratum).
