heat68 run start. dps=50 grid=18 pts DSTAR_C=0.1417332396638871913895 (registered AMENDMENT-2 runner)
=== CONTROLS (asserts; any failure = instrument halt per prereg) ===
C1 s=1.3: A 47.8 dig, B 50.2 dig (need 25)
C1 s=0.75: A 50.4 dig, B 50.7 dig (need 25)
C2 brute s=3.5 R=120 D=0.1: A vs brute 12.1 dig (need 8); tail bound 5.05e-11 (< 3e-9)
C3 duality s=0.7 D=0.05: A 45.5 dig, B 50.6 dig (need 20)
C4 residue D=0.1: 3-pt Richardson 15.707963267949 vs pi/(2D): 27.2 dig (need 20); h-floor (1e-9 vs 1e-10 agree) 24.2 dig
C5 parse linearization at d=1e-12: 11.5 dig (need 8); scaling 1e-10->1e-12 gain 2.00 (expect 2.0); implies Delta*_c=e^g/(4pi)=0.1417332396638872
EQ A==B s=0.6 D=0.05: 44.6 dig (need 20)
EQ A==B s=0.6 D=0.1: 44.6 dig (need 20)
EQ A==B s=0.9 D=0.05: 44.2 dig (need 20)
EQ A==B s=0.9 D=0.1: 45.1 dig (need 20)
=== ALL CONTROLS GREEN ===
L2 negative probe D=0.15: 0 sign changes over 61 pts in (0.1,0.974) (expect 0); pole-exclusion |h|max=76.816 < 200, zone |s-1|<0.02618 covers (0.974,1)
D=0.14    rho+=0.567549724501019035024425071989
         rho-=0.432450275498980964975574928011 | A/B 45.1/44.7 dig | L1 18.9/18.8 dig | L4 50.6 | floor 0.41941672367460513 | 63s
D=0.135   rho+=0.632204909235883111712741777198
         rho-=0.367795090764116888287258222802 | A/B 45.1/45.1 dig | L1 20.1/19.8 dig | L4 99.0 | floor 0.66154874539492973 | 57s
D=0.13    rho+=0.673296581054370738318244131766
         rho-=0.326703418945629261681755868234 | A/B 45.5/45.2 dig | L1 21.0/20.7 dig | L4 99.0 | floor 0.76455225223525304 | 57s
D=0.12    rho+=0.7325652772284979161651043022
         rho-=0.2674347227715020838348956978 | A/B 45.5/45.0 dig | L1 23.0/22.6 dig | L4 99.0 | floor 0.86672676852621981 | 64s
D=0.11    rho+=0.777109980590763052129508642283
         rho-=0.222890019409236947870491357717 | A/B 45.7/45.2 dig | L1 25.3/24.8 dig | L4 50.9 | floor 0.91773477864814504 | 67s
D=0.1     rho+=0.813367836786153061675599190882
         rho-=0.186632163213846938324400809118 | A/B 45.6/44.9 dig | L1 28.0/27.3 dig | L4 99.0 | floor 0.94734992552610728 | 62s
D=0.09    rho+=0.844046763328197777962581944764
         rho-=0.155953236671802222037418055236 | A/B 45.6/45.1 dig | L1 31.2/30.5 dig | L4 99.0 | floor 0.96586060916505898 | 65s
D=0.08    rho+=0.870600747719379322179833543296
         rho-=0.129399252280620677820166456704 | A/B 45.7/44.9 dig | L1 35.2/34.3 dig | L4 99.0 | floor 0.97790848693802507 | 62s
D=0.07    rho+=0.893920771867951327191263246705
         rho-=0.106079228132048672808736753295 | A/B 45.7/44.8 dig | L1 40.2/39.3 dig | L4 99.0 | floor 0.98591805499299276 | 69s
D=0.06    rho+=0.91459989289857993337740536128
         rho-=0.0854001071014200666225946387196 | A/B 45.7/44.7 dig | L1 46.9/45.9 dig | L4 99.0 | floor 0.991281243709124 | 67s
D=0.05    rho+=0.933054975654200547726769714262
         rho-=0.0669450243457994522732302857383 | A/B 45.7/44.6 dig | L1 50.8/50.6 dig | L4 99.0 | floor 0.99485219436010158 | 88s
D=0.04    rho+=0.949589213893659794379641585481
         rho-=0.0504107861063402056203584145187 | A/B 45.8/44.5 dig | L1 99.0/50.5 dig | L4 99.0 | floor 0.99718177674735147 | 100s
D=0.03    rho+=0.964426047427331992584952291848
         rho-=0.0355739525726680074150477081515 | A/B 45.8/44.4 dig | L1 99.0/50.2 dig | L4 99.0 | floor 0.99863941280076703 | 128s
D=0.02    rho+=0.977726265494975795432288228077
         rho-=0.022273734505024204567711771923 | A/B 45.8/44.2 dig | L1 99.0/50.4 dig | L4 99.0 | floor 0.99948101893477605 | 149s
D=0.01    rho+=0.989589169447210890205060391032
         rho-=0.010410830552789109794939608968 | A/B 45.8/43.8 dig | L1 99.0/49.6 dig | L4 99.0 | floor 0.99988932210545612 | 314s
D=0.005   rho+=0.994987832275780763290234913802
         rho-=0.00501216772421923670976508619798 | A/B n/a/n/a dig | L1 99.0/50.7 dig | L4 99.0 | floor 0.99997462443904954 | 71s
D=0.002   rho+=0.998046676614083468194919025833
         rho-=0.0019533233859165318050809741673 | A/B n/a/n/a dig | L1 50.9/48.8 dig | L4 99.0 | floor 0.99999616957826017 | 79s
D=0.001   rho+=0.999033078114157810354977673204
         rho-=0.000966921885842189645022326796257 | A/B n/a/n/a dig | L1 99.0/48.9 dig | L4 99.0 | floor 0.99999906325141707 | 81s
L3: rho-(1e-3)/((3/pi) 1e-3) = 1.01255823105
floor=0.5 interpolated Delta (log-interp in Delta): 0.13831573538156425
visibility N=1e+06: min floor over grid 0.41941672 vs C/logN 0.00334345 -> PASS
visibility N=1e+09: min floor over grid 0.41941672 vs C/logN 0.00222896 -> PASS
visibility N=1e+12: min floor over grid 0.41941672 vs C/logN 0.00167172 -> PASS
OUTCOME: (a)  gated(D<=0.10) min L1 27.3 dig | full-grid min L1 18.8 dig at D=0.14 (approx-(3.32) profile) | min L4 50.6 dig
total 1767s
